Command line invocation:
    /Applications/Xcode.app/Contents/Developer/usr/bin/xcodebuild -project Learning.xcodeproj -scheme Learning -configuration Debug -sdk iphonesimulator build

Build settings from command line:
    SDKROOT = iphonesimulator26.5

ComputePackagePrebuildTargetDependencyGraph

Prepare packages

CreateBuildRequest

SendProjectDescription

CreateBuildOperation

ComputeTargetDependencyGraph
note: Building targets in dependency order
note: Target dependency graph (1 target)
    Target 'Learning' in project 'Learning' (no dependencies)

GatherProvisioningInputs

CreateBuildDescription

ExecuteExternalTool /Applications/Xcode.app/Contents/Developer/Toolchains/XcodeDefault.xctoolchain/usr/bin/clang -v -E -dM -isysroot /Applications/Xcode.app/Contents/Developer/Platforms/iPhoneSimulator.platform/Developer/SDKs/iPhoneSimulator26.5.sdk -x c -c /dev/null

ExecuteExternalTool /Applications/Xcode.app/Contents/Developer/usr/bin/ibtool --version --output-format xml1

ExecuteExternalTool /Applications/Xcode.app/Contents/Developer/usr/bin/actool --print-asset-tag-combinations --output-format xml1 /Users/lisl/workspace/learning/Learning/Learning/Assets.xcassets

ExecuteExternalTool /Applications/Xcode.app/Contents/Developer/usr/bin/actool --version --output-format xml1

ExecuteExternalTool /Applications/Xcode.app/Contents/Developer/Toolchains/XcodeDefault.xctoolchain/usr/bin/swiftc --version

ExecuteExternalTool /Applications/Xcode.app/Contents/Developer/Toolchains/XcodeDefault.xctoolchain/usr/bin/ld -version_details

Build description signature: b90db519f45dbddf24a18aab7d41e135
Build description path: /Users/lisl/Library/Developer/Xcode/DerivedData/Learning-gcfnaiuvumrtcwgiysyjobmjways/Build/Intermediates.noindex/XCBuildData/b90db519f45dbddf24a18aab7d41e135.xcbuilddata
ClangStatCache /Applications/Xcode.app/Contents/Developer/Toolchains/XcodeDefault.xctoolchain/usr/bin/clang-stat-cache /Applications/Xcode.app/Contents/Developer/Platforms/iPhoneSimulator.platform/Developer/SDKs/iPhoneSimulator26.5.sdk /Users/lisl/Library/Developer/Xcode/DerivedData/SDKStatCaches.noindex/iphonesimulator26.5-23F81a-6cfe768891a92b912361537c460fe42b.sdkstatcache
    cd /Users/lisl/workspace/learning/Learning/Learning.xcodeproj
    /Applications/Xcode.app/Contents/Developer/Toolchains/XcodeDefault.xctoolchain/usr/bin/clang-stat-cache /Applications/Xcode.app/Contents/Developer/Platforms/iPhoneSimulator.platform/Developer/SDKs/iPhoneSimulator26.5.sdk -o /Users/lisl/Library/Developer/Xcode/DerivedData/SDKStatCaches.noindex/iphonesimulator26.5-23F81a-6cfe768891a92b912361537c460fe42b.sdkstatcache

ProcessInfoPlistFile /Users/lisl/Library/Developer/Xcode/DerivedData/Learning-gcfnaiuvumrtcwgiysyjobmjways/Build/Products/Debug-iphonesimulator/Learning.app/Info.plist /Users/lisl/Library/Developer/Xcode/DerivedData/Learning-gcfnaiuvumrtcwgiysyjobmjways/Build/Intermediates.noindex/Learning.build/Debug-iphonesimulator/Learning.build/empty-Learning.plist (in target 'Learning' from project 'Learning')
    cd /Users/lisl/workspace/learning/Learning
    builtin-infoPlistUtility /Users/lisl/Library/Developer/Xcode/DerivedData/Learning-gcfnaiuvumrtcwgiysyjobmjways/Build/Intermediates.noindex/Learning.build/Debug-iphonesimulator/Learning.build/empty-Learning.plist -producttype com.apple.product-type.application -genpkginfo /Users/lisl/Library/Developer/Xcode/DerivedData/Learning-gcfnaiuvumrtcwgiysyjobmjways/Build/Products/Debug-iphonesimulator/Learning.app/PkgInfo -expandbuildsettings -format binary -platform iphonesimulator -additionalcontentfile /Users/lisl/Library/Developer/Xcode/DerivedData/Learning-gcfnaiuvumrtcwgiysyjobmjways/Build/Intermediates.noindex/Learning.build/Debug-iphonesimulator/Learning.build/LaunchScreen-SBPartialInfo.plist -additionalcontentfile /Users/lisl/Library/Developer/Xcode/DerivedData/Learning-gcfnaiuvumrtcwgiysyjobmjways/Build/Intermediates.noindex/Learning.build/Debug-iphonesimulator/Learning.build/assetcatalog_generated_info.plist -o /Users/lisl/Library/Developer/Xcode/DerivedData/Learning-gcfnaiuvumrtcwgiysyjobmjways/Build/Products/Debug-iphonesimulator/Learning.app/Info.plist

CopySwiftLibs /Users/lisl/Library/Developer/Xcode/DerivedData/Learning-gcfnaiuvumrtcwgiysyjobmjways/Build/Products/Debug-iphonesimulator/Learning.app (in target 'Learning' from project 'Learning')
    cd /Users/lisl/workspace/learning/Learning
    builtin-swiftStdLibTool --copy --verbose --sign - --scan-executable /Users/lisl/Library/Developer/Xcode/DerivedData/Learning-gcfnaiuvumrtcwgiysyjobmjways/Build/Products/Debug-iphonesimulator/Learning.app/Learning.debug.dylib --scan-folder /Users/lisl/Library/Developer/Xcode/DerivedData/Learning-gcfnaiuvumrtcwgiysyjobmjways/Build/Products/Debug-iphonesimulator/Learning.app/Frameworks --scan-folder /Users/lisl/Library/Developer/Xcode/DerivedData/Learning-gcfnaiuvumrtcwgiysyjobmjways/Build/Products/Debug-iphonesimulator/Learning.app/PlugIns --scan-folder /Users/lisl/Library/Developer/Xcode/DerivedData/Learning-gcfnaiuvumrtcwgiysyjobmjways/Build/Products/Debug-iphonesimulator/Learning.app/SystemExtensions --scan-folder /Users/lisl/Library/Developer/Xcode/DerivedData/Learning-gcfnaiuvumrtcwgiysyjobmjways/Build/Products/Debug-iphonesimulator/Learning.app/Extensions --platform iphonesimulator --toolchain /Applications/Xcode.app/Contents/Developer/Toolchains/XcodeDefault.xctoolchain --destination /Users/lisl/Library/Developer/Xcode/DerivedData/Learning-gcfnaiuvumrtcwgiysyjobmjways/Build/Products/Debug-iphonesimulator/Learning.app/Frameworks --strip-bitcode --strip-bitcode-tool /Applications/Xcode.app/Contents/Developer/Toolchains/XcodeDefault.xctoolchain/usr/bin/bitcode_strip --emit-dependency-info /Users/lisl/Library/Developer/Xcode/DerivedData/Learning-gcfnaiuvumrtcwgiysyjobmjways/Build/Intermediates.noindex/Learning.build/Debug-iphonesimulator/Learning.build/SwiftStdLibToolInputDependencies.dep --filter-for-swift-os

** BUILD SUCCEEDED **

